{"synthetic": false,
 "schemaVersion": "2025-09-10",
 "outputs":
 {"o": ["c606ac970e2ad9e0.olean"],
  "m": false,
  "i": "c957803da2d1677d.ilean",
  "c": "53134b52efd39a40.c"},
 "log":
 [{"message":
   ".> LEAN_PATH=/home/user/langlands-lab/lean/.lake/build/lib/lean /root/.elan/toolchains/leanprover--lean4---v4.34.1/bin/lean /home/user/langlands-lab/lean/LanglandsOracles/BrandtCertificates.lean -o /home/user/langlands-lab/lean/.lake/build/lib/lean/LanglandsOracles/BrandtCertificates.olean -i /home/user/langlands-lab/lean/.lake/build/lib/lean/LanglandsOracles/BrandtCertificates.ilean -c /home/user/langlands-lab/lean/.lake/build/ir/LanglandsOracles/BrandtCertificates.c --setup /home/user/langlands-lab/lean/.lake/build/ir/LanglandsOracles/BrandtCertificates.setup.json --json",
   "level": "trace"}],
 "inputs":
 [["deps",
   [["LanglandsOracles/LanglandsOracles:extraDep",
     [["@LanglandsOracles:extraDep", "00000000000006bb"]]],
    ["imports",
     [["LanglandsOracles.TraceFormula transitive imports (legacy)",
       "31a064df337cc7ce"],
      ["LanglandsOracles.TraceFormula:importAllArts", "0debe5cc2b4cab6d"],
      ["LanglandsOracles.Matrix transitive imports (legacy)",
       "00000000000006bb"],
      ["LanglandsOracles.Matrix:importAllArts", "242e3559c7b709e7"],
      ["LanglandsOracles.Data transitive imports (legacy)", "bf648f0e61fff538"],
      ["LanglandsOracles.Data:importAllArts", "2462a84a622a4702"]]]]],
  ["libs",
   [["import dynlibs", "00000000000006bb"],
    ["package external libraries", "00000000000006bb"],
    ["module dynlibs", "00000000000006bb"],
    ["module plugins", "00000000000006bb"]]],
  ["Lean 4.34.1, commit 5045d0056413266e57c625dcd7c365b10e377c52",
   "e9f3658beb070375"],
  ["/home/user/langlands-lab/lean/LanglandsOracles/BrandtCertificates.lean",
   "f7332e1f69ca0a9c"],
  ["options", "00000000000006bb"],
  ["isModule: false", "feefd2a0d3a1847e"],
  ["Module.name: LanglandsOracles.BrandtCertificates", "77745db4026e97b6"],
  ["Package.id?: (some LanglandsOracles)", "d2b2d041fe5f1586"],
  ["Module.leanArgs: #[]", "00000000000006bb"]],
 "depHash": "ab801a92faa16b37"}