{"synthetic": false,
 "schemaVersion": "2025-09-10",
 "outputs":
 {"o": ["16401207e851eec0.olean"],
  "m": false,
  "i": "d4837aaad2f5e495.ilean",
  "c": "f66dc6b2551465d9.c"},
 "log":
 [{"message":
   ".> LEAN_PATH=/home/user/langlands-lab/lean/.lake/build/lib/lean /root/.elan/toolchains/leanprover--lean4---v4.34.1/bin/lean /home/user/langlands-lab/lean/LanglandsOracles/Carlitz.lean -o /home/user/langlands-lab/lean/.lake/build/lib/lean/LanglandsOracles/Carlitz.olean -i /home/user/langlands-lab/lean/.lake/build/lib/lean/LanglandsOracles/Carlitz.ilean -c /home/user/langlands-lab/lean/.lake/build/ir/LanglandsOracles/Carlitz.c --setup /home/user/langlands-lab/lean/.lake/build/ir/LanglandsOracles/Carlitz.setup.json --json",
   "level": "trace"}],
 "inputs":
 [["deps",
   [["LanglandsOracles/LanglandsOracles:extraDep",
     [["@LanglandsOracles:extraDep", "00000000000006bb"]]],
    ["imports", "00000000000006bb"]]],
  ["libs",
   [["import dynlibs", "00000000000006bb"],
    ["package external libraries", "00000000000006bb"],
    ["module dynlibs", "00000000000006bb"],
    ["module plugins", "00000000000006bb"]]],
  ["Lean 4.34.1, commit 5045d0056413266e57c625dcd7c365b10e377c52",
   "e9f3658beb070375"],
  ["/home/user/langlands-lab/lean/LanglandsOracles/Carlitz.lean",
   "4f7afd24419fdda6"],
  ["options", "00000000000006bb"],
  ["isModule: false", "feefd2a0d3a1847e"],
  ["Module.name: LanglandsOracles.Carlitz", "19416da014faf4de"],
  ["Package.id?: (some LanglandsOracles)", "d2b2d041fe5f1586"],
  ["Module.leanArgs: #[]", "00000000000006bb"]],
 "depHash": "e4ee495912dd7a1a"}