{"synthetic": false,
 "schemaVersion": "2025-09-10",
 "outputs":
 {"o": ["4cc08fbadd6d7a4f.olean"],
  "m": false,
  "i": "43cbfb12ddec18e8.ilean",
  "c": "a4667a75d095e0cb.c"},
 "log":
 [{"message":
   ".> LEAN_PATH=/home/user/langlands-lab/lean/.lake/build/lib/lean /root/.elan/toolchains/leanprover--lean4---v4.34.1/bin/lean /home/user/langlands-lab/lean/LanglandsOracles/Certificates.lean -o /home/user/langlands-lab/lean/.lake/build/lib/lean/LanglandsOracles/Certificates.olean -i /home/user/langlands-lab/lean/.lake/build/lib/lean/LanglandsOracles/Certificates.ilean -c /home/user/langlands-lab/lean/.lake/build/ir/LanglandsOracles/Certificates.c --setup /home/user/langlands-lab/lean/.lake/build/ir/LanglandsOracles/Certificates.setup.json --json",
   "level": "trace"}],
 "inputs":
 [["deps",
   [["LanglandsOracles/LanglandsOracles:extraDep",
     [["@LanglandsOracles:extraDep", "00000000000006bb"]]],
    ["imports",
     [["LanglandsOracles.TraceFormula transitive imports (legacy)",
       "31a064df337cc7ce"],
      ["LanglandsOracles.TraceFormula:importAllArts", "0debe5cc2b4cab6d"],
      ["LanglandsOracles.Carlitz transitive imports (legacy)",
       "00000000000006bb"],
      ["LanglandsOracles.Carlitz:importAllArts", "bcd649978229f26b"]]]]],
  ["libs",
   [["import dynlibs", "00000000000006bb"],
    ["package external libraries", "00000000000006bb"],
    ["module dynlibs", "00000000000006bb"],
    ["module plugins", "00000000000006bb"]]],
  ["Lean 4.34.1, commit 5045d0056413266e57c625dcd7c365b10e377c52",
   "e9f3658beb070375"],
  ["/home/user/langlands-lab/lean/LanglandsOracles/Certificates.lean",
   "8e0bf6cdf8f09041"],
  ["options", "00000000000006bb"],
  ["isModule: false", "feefd2a0d3a1847e"],
  ["Module.name: LanglandsOracles.Certificates", "29f737e950b14198"],
  ["Package.id?: (some LanglandsOracles)", "d2b2d041fe5f1586"],
  ["Module.leanArgs: #[]", "00000000000006bb"]],
 "depHash": "2b27f95bc9ef1bfa"}