{"synthetic": false,
 "schemaVersion": "2025-09-10",
 "outputs":
 {"o": ["5993f16843857907.olean"],
  "m": false,
  "i": "16bfd1e65f8bef9c.ilean",
  "c": "6b5541fc1ea72b6c.c"},
 "log":
 [{"message":
   ".> LEAN_PATH=/home/user/langlands-lab/lean/.lake/build/lib/lean /root/.elan/toolchains/leanprover--lean4---v4.34.1/bin/lean /home/user/langlands-lab/lean/LanglandsOracles/CertTypes.lean -o /home/user/langlands-lab/lean/.lake/build/lib/lean/LanglandsOracles/CertTypes.olean -i /home/user/langlands-lab/lean/.lake/build/lib/lean/LanglandsOracles/CertTypes.ilean -c /home/user/langlands-lab/lean/.lake/build/ir/LanglandsOracles/CertTypes.c --setup /home/user/langlands-lab/lean/.lake/build/ir/LanglandsOracles/CertTypes.setup.json --json",
   "level": "trace"}],
 "inputs":
 [["deps",
   [["LanglandsOracles/LanglandsOracles:extraDep",
     [["@LanglandsOracles:extraDep", "00000000000006bb"]]],
    ["imports", "00000000000006bb"]]],
  ["libs",
   [["import dynlibs", "00000000000006bb"],
    ["package external libraries", "00000000000006bb"],
    ["module dynlibs", "00000000000006bb"],
    ["module plugins", "00000000000006bb"]]],
  ["Lean 4.34.1, commit 5045d0056413266e57c625dcd7c365b10e377c52",
   "e9f3658beb070375"],
  ["/home/user/langlands-lab/lean/LanglandsOracles/CertTypes.lean",
   "6c1cbd83ae22b771"],
  ["options", "00000000000006bb"],
  ["isModule: false", "feefd2a0d3a1847e"],
  ["Module.name: LanglandsOracles.CertTypes", "633fd47dd93410c6"],
  ["Package.id?: (some LanglandsOracles)", "d2b2d041fe5f1586"],
  ["Module.leanArgs: #[]", "00000000000006bb"]],
 "depHash": "9198325aa8961849"}