{"synthetic": false,
 "schemaVersion": "2025-09-10",
 "outputs":
 {"o": ["cd84b00574bf35b3.olean"],
  "m": false,
  "i": "820e2789a86f81cb.ilean",
  "c": "7bede6bb6705698a.c"},
 "log":
 [{"message":
   ".> LEAN_PATH=/home/user/langlands-lab/lean/.lake/build/lib/lean /root/.elan/toolchains/leanprover--lean4---v4.34.1/bin/lean /home/user/langlands-lab/lean/LanglandsOracles/CommSemiring.lean -o /home/user/langlands-lab/lean/.lake/build/lib/lean/LanglandsOracles/CommSemiring.olean -i /home/user/langlands-lab/lean/.lake/build/lib/lean/LanglandsOracles/CommSemiring.ilean -c /home/user/langlands-lab/lean/.lake/build/ir/LanglandsOracles/CommSemiring.c --setup /home/user/langlands-lab/lean/.lake/build/ir/LanglandsOracles/CommSemiring.setup.json --json",
   "level": "trace"}],
 "inputs":
 [["deps",
   [["LanglandsOracles/LanglandsOracles:extraDep",
     [["@LanglandsOracles:extraDep", "00000000000006bb"]]],
    ["imports", "00000000000006bb"]]],
  ["libs",
   [["import dynlibs", "00000000000006bb"],
    ["package external libraries", "00000000000006bb"],
    ["module dynlibs", "00000000000006bb"],
    ["module plugins", "00000000000006bb"]]],
  ["Lean 4.34.1, commit 5045d0056413266e57c625dcd7c365b10e377c52",
   "e9f3658beb070375"],
  ["/home/user/langlands-lab/lean/LanglandsOracles/CommSemiring.lean",
   "e6de8b1ef1748bc4"],
  ["options", "00000000000006bb"],
  ["isModule: false", "feefd2a0d3a1847e"],
  ["Module.name: LanglandsOracles.CommSemiring", "6a6d34ca20cd4b7b"],
  ["Package.id?: (some LanglandsOracles)", "d2b2d041fe5f1586"],
  ["Module.leanArgs: #[]", "00000000000006bb"]],
 "depHash": "df6f63a8e0a20850"}