{"synthetic": false,
 "schemaVersion": "2025-09-10",
 "outputs":
 {"o": ["47faedd336e87313.olean"],
  "m": false,
  "i": "6f5215975da3cf7b.ilean",
  "c": "3e6ff58c8fc604de.c"},
 "log":
 [{"message":
   ".> LEAN_PATH=/home/user/langlands-lab/lean/.lake/build/lib/lean /root/.elan/toolchains/leanprover--lean4---v4.34.1/bin/lean /home/user/langlands-lab/lean/LanglandsOracles/Data.lean -o /home/user/langlands-lab/lean/.lake/build/lib/lean/LanglandsOracles/Data.olean -i /home/user/langlands-lab/lean/.lake/build/lib/lean/LanglandsOracles/Data.ilean -c /home/user/langlands-lab/lean/.lake/build/ir/LanglandsOracles/Data.c --setup /home/user/langlands-lab/lean/.lake/build/ir/LanglandsOracles/Data.setup.json --json",
   "level": "trace"}],
 "inputs":
 [["deps",
   [["LanglandsOracles/LanglandsOracles:extraDep",
     [["@LanglandsOracles:extraDep", "00000000000006bb"]]],
    ["imports",
     [["LanglandsOracles.Matrix transitive imports (legacy)",
       "00000000000006bb"],
      ["LanglandsOracles.Matrix:importAllArts", "242e3559c7b709e7"],
      ["LanglandsOracles.CertTypes transitive imports (legacy)",
       "00000000000006bb"],
      ["LanglandsOracles.CertTypes:importAllArts", "a04d5f8e8d612faf"]]]]],
  ["libs",
   [["import dynlibs", "00000000000006bb"],
    ["package external libraries", "00000000000006bb"],
    ["module dynlibs", "00000000000006bb"],
    ["module plugins", "00000000000006bb"]]],
  ["Lean 4.34.1, commit 5045d0056413266e57c625dcd7c365b10e377c52",
   "e9f3658beb070375"],
  ["/home/user/langlands-lab/lean/LanglandsOracles/Data.lean",
   "cf48a4b3e11c8f72"],
  ["options", "00000000000006bb"],
  ["isModule: false", "feefd2a0d3a1847e"],
  ["Module.name: LanglandsOracles.Data", "b8fcb396a1a2cf09"],
  ["Package.id?: (some LanglandsOracles)", "d2b2d041fe5f1586"],
  ["Module.leanArgs: #[]", "00000000000006bb"]],
 "depHash": "43e822e8e0656b40"}