{"synthetic": false,
 "schemaVersion": "2025-09-10",
 "outputs":
 {"o": ["d7c1104d645dc26e.olean"],
  "m": false,
  "i": "09a64fd33cbc33df.ilean",
  "c": "0a631265c50b804d.c"},
 "log":
 [{"message":
   ".> LEAN_PATH=/home/user/langlands-lab/lean/.lake/build/lib/lean /root/.elan/toolchains/leanprover--lean4---v4.34.1/bin/lean /home/user/langlands-lab/lean/LanglandsOracles/ExcursionInstance.lean -o /home/user/langlands-lab/lean/.lake/build/lib/lean/LanglandsOracles/ExcursionInstance.olean -i /home/user/langlands-lab/lean/.lake/build/lib/lean/LanglandsOracles/ExcursionInstance.ilean -c /home/user/langlands-lab/lean/.lake/build/ir/LanglandsOracles/ExcursionInstance.c --setup /home/user/langlands-lab/lean/.lake/build/ir/LanglandsOracles/ExcursionInstance.setup.json --json",
   "level": "trace"}],
 "inputs":
 [["deps",
   [["LanglandsOracles/LanglandsOracles:extraDep",
     [["@LanglandsOracles:extraDep", "00000000000006bb"]]],
    ["imports",
     [["LanglandsOracles.Data transitive imports (legacy)", "bf648f0e61fff538"],
      ["LanglandsOracles.Data:importAllArts", "2462a84a622a4702"],
      ["LanglandsOracles.Matrix transitive imports (legacy)",
       "00000000000006bb"],
      ["LanglandsOracles.Matrix:importAllArts", "242e3559c7b709e7"]]]]],
  ["libs",
   [["import dynlibs", "00000000000006bb"],
    ["package external libraries", "00000000000006bb"],
    ["module dynlibs", "00000000000006bb"],
    ["module plugins", "00000000000006bb"]]],
  ["Lean 4.34.1, commit 5045d0056413266e57c625dcd7c365b10e377c52",
   "e9f3658beb070375"],
  ["/home/user/langlands-lab/lean/LanglandsOracles/ExcursionInstance.lean",
   "170d526c04733d32"],
  ["options", "00000000000006bb"],
  ["isModule: false", "feefd2a0d3a1847e"],
  ["Module.name: LanglandsOracles.ExcursionInstance", "06242c2d163a2bb9"],
  ["Package.id?: (some LanglandsOracles)", "d2b2d041fe5f1586"],
  ["Module.leanArgs: #[]", "00000000000006bb"]],
 "depHash": "efb73271ccb02e08"}