{"synthetic": false,
 "schemaVersion": "2025-09-10",
 "outputs":
 {"o": ["efbfeca4a6980a65.olean"],
  "m": false,
  "i": "0cb756ef3c8dea3e.ilean",
  "c": "c91d483dcdf7fab1.c"},
 "log":
 [{"message":
   ".> LEAN_PATH=/home/user/langlands-lab/lean/.lake/build/lib/lean /root/.elan/toolchains/leanprover--lean4---v4.34.1/bin/lean /home/user/langlands-lab/lean/LanglandsOracles/ExcursionGL2Ring.lean -o /home/user/langlands-lab/lean/.lake/build/lib/lean/LanglandsOracles/ExcursionGL2Ring.olean -i /home/user/langlands-lab/lean/.lake/build/lib/lean/LanglandsOracles/ExcursionGL2Ring.ilean -c /home/user/langlands-lab/lean/.lake/build/ir/LanglandsOracles/ExcursionGL2Ring.c --setup /home/user/langlands-lab/lean/.lake/build/ir/LanglandsOracles/ExcursionGL2Ring.setup.json --json",
   "level": "trace"}],
 "inputs":
 [["deps",
   [["LanglandsOracles/LanglandsOracles:extraDep",
     [["@LanglandsOracles:extraDep", "00000000000006bb"]]],
    ["imports",
     [["LanglandsOracles.Pseudocharacter transitive imports (legacy)",
       "6e251a4182d771e2"],
      ["LanglandsOracles.Pseudocharacter:importAllArts", "3a3d295aecb8c045"],
      ["LanglandsOracles.ExcursionGL2 transitive imports (legacy)",
       "7ce2ce7f829d017b"],
      ["LanglandsOracles.ExcursionGL2:importAllArts", "21e1bc85497bc296"]]]]],
  ["libs",
   [["import dynlibs", "00000000000006bb"],
    ["package external libraries", "00000000000006bb"],
    ["module dynlibs", "00000000000006bb"],
    ["module plugins", "00000000000006bb"]]],
  ["Lean 4.34.1, commit 5045d0056413266e57c625dcd7c365b10e377c52",
   "e9f3658beb070375"],
  ["/home/user/langlands-lab/lean/LanglandsOracles/ExcursionGL2Ring.lean",
   "f0cf7e6529f4b92c"],
  ["options", "00000000000006bb"],
  ["isModule: false", "feefd2a0d3a1847e"],
  ["Module.name: LanglandsOracles.ExcursionGL2Ring", "4da8a938f4963cc0"],
  ["Package.id?: (some LanglandsOracles)", "d2b2d041fe5f1586"],
  ["Module.leanArgs: #[]", "00000000000006bb"]],
 "depHash": "ae4be3455d8cd7e0"}