{"synthetic": false,
 "schemaVersion": "2025-09-10",
 "outputs":
 {"o": ["e096f3235cf9717e.olean"],
  "m": false,
  "i": "af49b5793e2d9878.ilean",
  "c": "b6e26d90ef6c322b.c"},
 "log":
 [{"message":
   ".> LEAN_PATH=/home/user/langlands-lab/lean/.lake/build/lib/lean /root/.elan/toolchains/leanprover--lean4---v4.34.1/bin/lean /home/user/langlands-lab/lean/LanglandsOracles/ExcursionGL1.lean -o /home/user/langlands-lab/lean/.lake/build/lib/lean/LanglandsOracles/ExcursionGL1.olean -i /home/user/langlands-lab/lean/.lake/build/lib/lean/LanglandsOracles/ExcursionGL1.ilean -c /home/user/langlands-lab/lean/.lake/build/ir/LanglandsOracles/ExcursionGL1.c --setup /home/user/langlands-lab/lean/.lake/build/ir/LanglandsOracles/ExcursionGL1.setup.json --json",
   "level": "trace"}],
 "inputs":
 [["deps",
   [["LanglandsOracles/LanglandsOracles:extraDep",
     [["@LanglandsOracles:extraDep", "00000000000006bb"]]],
    ["imports",
     [["LanglandsOracles.Excursion transitive imports (legacy)",
       "00000000000006bb"],
      ["LanglandsOracles.Excursion:importAllArts", "0cf806aae4c29ed0"]]]]],
  ["libs",
   [["import dynlibs", "00000000000006bb"],
    ["package external libraries", "00000000000006bb"],
    ["module dynlibs", "00000000000006bb"],
    ["module plugins", "00000000000006bb"]]],
  ["Lean 4.34.1, commit 5045d0056413266e57c625dcd7c365b10e377c52",
   "e9f3658beb070375"],
  ["/home/user/langlands-lab/lean/LanglandsOracles/ExcursionGL1.lean",
   "1578e107c0d24817"],
  ["options", "00000000000006bb"],
  ["isModule: false", "feefd2a0d3a1847e"],
  ["Module.name: LanglandsOracles.ExcursionGL1", "cdf62d7b6f32b60d"],
  ["Package.id?: (some LanglandsOracles)", "d2b2d041fe5f1586"],
  ["Module.leanArgs: #[]", "00000000000006bb"]],
 "depHash": "1c2b56a7630da208"}