{"synthetic": false,
 "schemaVersion": "2025-09-10",
 "outputs":
 {"o": ["9e47bb6b4f91f2e0.olean"],
  "m": false,
  "i": "4323f805494d82e9.ilean",
  "c": "1fcca505b459e452.c"},
 "log":
 [{"message":
   ".> LEAN_PATH=/home/user/langlands-lab/lean/.lake/build/lib/lean /root/.elan/toolchains/leanprover--lean4---v4.34.1/bin/lean /home/user/langlands-lab/lean/LanglandsOracles/ExcursionGL2.lean -o /home/user/langlands-lab/lean/.lake/build/lib/lean/LanglandsOracles/ExcursionGL2.olean -i /home/user/langlands-lab/lean/.lake/build/lib/lean/LanglandsOracles/ExcursionGL2.ilean -c /home/user/langlands-lab/lean/.lake/build/ir/LanglandsOracles/ExcursionGL2.c --setup /home/user/langlands-lab/lean/.lake/build/ir/LanglandsOracles/ExcursionGL2.setup.json --json",
   "level": "trace"}],
 "inputs":
 [["deps",
   [["LanglandsOracles/LanglandsOracles:extraDep",
     [["@LanglandsOracles:extraDep", "00000000000006bb"]]],
    ["imports",
     [["LanglandsOracles.Excursion transitive imports (legacy)",
       "00000000000006bb"],
      ["LanglandsOracles.Excursion:importAllArts", "0cf806aae4c29ed0"]]]]],
  ["libs",
   [["import dynlibs", "00000000000006bb"],
    ["package external libraries", "00000000000006bb"],
    ["module dynlibs", "00000000000006bb"],
    ["module plugins", "00000000000006bb"]]],
  ["Lean 4.34.1, commit 5045d0056413266e57c625dcd7c365b10e377c52",
   "e9f3658beb070375"],
  ["/home/user/langlands-lab/lean/LanglandsOracles/ExcursionGL2.lean",
   "ca5a2722aaf30a28"],
  ["options", "00000000000006bb"],
  ["isModule: false", "feefd2a0d3a1847e"],
  ["Module.name: LanglandsOracles.ExcursionGL2", "960e9e99044f0f1a"],
  ["Package.id?: (some LanglandsOracles)", "d2b2d041fe5f1586"],
  ["Module.leanArgs: #[]", "00000000000006bb"]],
 "depHash": "0b40b8f9d5d876a5"}