{"synthetic": false,
 "schemaVersion": "2025-09-10",
 "outputs":
 {"o": ["acc1dabc615d2f0d.olean"],
  "m": false,
  "i": "da4395a0a01aa658.ilean",
  "c": "a69f359891aff124.c"},
 "log":
 [{"message":
   ".> LEAN_PATH=/home/user/langlands-lab/lean/.lake/build/lib/lean /root/.elan/toolchains/leanprover--lean4---v4.34.1/bin/lean /home/user/langlands-lab/lean/LanglandsOracles/ExcursionGL2F3.lean -o /home/user/langlands-lab/lean/.lake/build/lib/lean/LanglandsOracles/ExcursionGL2F3.olean -i /home/user/langlands-lab/lean/.lake/build/lib/lean/LanglandsOracles/ExcursionGL2F3.ilean -c /home/user/langlands-lab/lean/.lake/build/ir/LanglandsOracles/ExcursionGL2F3.c --setup /home/user/langlands-lab/lean/.lake/build/ir/LanglandsOracles/ExcursionGL2F3.setup.json --json",
   "level": "trace"}],
 "inputs":
 [["deps",
   [["LanglandsOracles/LanglandsOracles:extraDep",
     [["@LanglandsOracles:extraDep", "00000000000006bb"]]],
    ["imports",
     [["LanglandsOracles.Pseudocharacter transitive imports (legacy)",
       "00000000000006bb"],
      ["LanglandsOracles.Pseudocharacter:importAllArts", "f64b553ce57e907a"],
      ["LanglandsOracles.ExcursionGL2 transitive imports (legacy)",
       "7ce2ce7f829d017b"],
      ["LanglandsOracles.ExcursionGL2:importAllArts", "21e1bc85497bc296"]]]]],
  ["libs",
   [["import dynlibs", "00000000000006bb"],
    ["package external libraries", "00000000000006bb"],
    ["module dynlibs", "00000000000006bb"],
    ["module plugins", "00000000000006bb"]]],
  ["Lean 4.34.1, commit 5045d0056413266e57c625dcd7c365b10e377c52",
   "e9f3658beb070375"],
  ["/home/user/langlands-lab/lean/LanglandsOracles/ExcursionGL2F3.lean",
   "cdc004b83a46f7a4"],
  ["options", "00000000000006bb"],
  ["isModule: false", "feefd2a0d3a1847e"],
  ["Module.name: LanglandsOracles.ExcursionGL2F3", "fb71b6b642f2944b"],
  ["Package.id?: (some LanglandsOracles)", "d2b2d041fe5f1586"],
  ["Module.leanArgs: #[]", "00000000000006bb"]],
 "depHash": "cc645b9941a39301"}