{"synthetic": false,
 "schemaVersion": "2025-09-10",
 "outputs":
 {"o": ["484165ee81f7b3ad.olean"],
  "m": false,
  "i": "65cfdd5006bad046.ilean",
  "c": "e2b957b1ca505d13.c"},
 "log":
 [{"message":
   ".> LEAN_PATH=/home/user/langlands-lab/lean/.lake/build/lib/lean /root/.elan/toolchains/leanprover--lean4---v4.34.1/bin/lean /home/user/langlands-lab/lean/LanglandsOracles/Excursion.lean -o /home/user/langlands-lab/lean/.lake/build/lib/lean/LanglandsOracles/Excursion.olean -i /home/user/langlands-lab/lean/.lake/build/lib/lean/LanglandsOracles/Excursion.ilean -c /home/user/langlands-lab/lean/.lake/build/ir/LanglandsOracles/Excursion.c --setup /home/user/langlands-lab/lean/.lake/build/ir/LanglandsOracles/Excursion.setup.json --json",
   "level": "trace"}],
 "inputs":
 [["deps",
   [["LanglandsOracles/LanglandsOracles:extraDep",
     [["@LanglandsOracles:extraDep", "00000000000006bb"]]],
    ["imports", "00000000000006bb"]]],
  ["libs",
   [["import dynlibs", "00000000000006bb"],
    ["package external libraries", "00000000000006bb"],
    ["module dynlibs", "00000000000006bb"],
    ["module plugins", "00000000000006bb"]]],
  ["Lean 4.34.1, commit 5045d0056413266e57c625dcd7c365b10e377c52",
   "e9f3658beb070375"],
  ["/home/user/langlands-lab/lean/LanglandsOracles/Excursion.lean",
   "f63103636ccef712"],
  ["options", "00000000000006bb"],
  ["isModule: false", "feefd2a0d3a1847e"],
  ["Module.name: LanglandsOracles.Excursion", "c3172772525c9093"],
  ["Package.id?: (some LanglandsOracles)", "d2b2d041fe5f1586"],
  ["Module.leanArgs: #[]", "00000000000006bb"]],
 "depHash": "0b906a96f73acba5"}