{"synthetic": false,
 "schemaVersion": "2025-09-10",
 "outputs":
 {"o": ["7a169a17bf62f84c.olean"],
  "m": false,
  "i": "c049e023d6c3fa4b.ilean",
  "c": "95fd1a7ffb122e76.c"},
 "log":
 [{"message":
   ".> LEAN_PATH=/home/user/langlands-lab/lean/.lake/build/lib/lean /root/.elan/toolchains/leanprover--lean4---v4.34.1/bin/lean /home/user/langlands-lab/lean/LanglandsOracles/FunctionFieldCertificates.lean -o /home/user/langlands-lab/lean/.lake/build/lib/lean/LanglandsOracles/FunctionFieldCertificates.olean -i /home/user/langlands-lab/lean/.lake/build/lib/lean/LanglandsOracles/FunctionFieldCertificates.ilean -c /home/user/langlands-lab/lean/.lake/build/ir/LanglandsOracles/FunctionFieldCertificates.c --setup /home/user/langlands-lab/lean/.lake/build/ir/LanglandsOracles/FunctionFieldCertificates.setup.json --json",
   "level": "trace"}],
 "inputs":
 [["deps",
   [["LanglandsOracles/LanglandsOracles:extraDep",
     [["@LanglandsOracles:extraDep", "00000000000006bb"]]],
    ["imports",
     [["LanglandsOracles.Data transitive imports (legacy)", "bf648f0e61fff538"],
      ["LanglandsOracles.Data:importAllArts", "2462a84a622a4702"]]]]],
  ["libs",
   [["import dynlibs", "00000000000006bb"],
    ["package external libraries", "00000000000006bb"],
    ["module dynlibs", "00000000000006bb"],
    ["module plugins", "00000000000006bb"]]],
  ["Lean 4.34.1, commit 5045d0056413266e57c625dcd7c365b10e377c52",
   "e9f3658beb070375"],
  ["/home/user/langlands-lab/lean/LanglandsOracles/FunctionFieldCertificates.lean",
   "88d1874e9c108e11"],
  ["options", "00000000000006bb"],
  ["isModule: false", "feefd2a0d3a1847e"],
  ["Module.name: LanglandsOracles.FunctionFieldCertificates",
   "9b2f4b0d58f263f7"],
  ["Package.id?: (some LanglandsOracles)", "d2b2d041fe5f1586"],
  ["Module.leanArgs: #[]", "00000000000006bb"]],
 "depHash": "7de83abc999cfceb"}