{"synthetic": false,
 "schemaVersion": "2025-09-10",
 "outputs":
 {"o": ["ec0bc0235ab7ee5f.olean"],
  "m": false,
  "i": "515124d9bfc24e20.ilean",
  "c": "5e62cea06ba6e672.c"},
 "log":
 [{"message":
   ".> LEAN_PATH=/home/user/langlands-lab/lean/.lake/build/lib/lean /root/.elan/toolchains/leanprover--lean4---v4.34.1/bin/lean /home/user/langlands-lab/lean/LanglandsOracles/Generation.lean -o /home/user/langlands-lab/lean/.lake/build/lib/lean/LanglandsOracles/Generation.olean -i /home/user/langlands-lab/lean/.lake/build/lib/lean/LanglandsOracles/Generation.ilean -c /home/user/langlands-lab/lean/.lake/build/ir/LanglandsOracles/Generation.c --setup /home/user/langlands-lab/lean/.lake/build/ir/LanglandsOracles/Generation.setup.json --json",
   "level": "trace"}],
 "inputs":
 [["deps",
   [["LanglandsOracles/LanglandsOracles:extraDep",
     [["@LanglandsOracles:extraDep", "00000000000006bb"]]],
    ["imports",
     [["LanglandsOracles.Pseudocharacter transitive imports (legacy)",
       "6e251a4182d771e2"],
      ["LanglandsOracles.Pseudocharacter:importAllArts",
       "3a3d295aecb8c045"]]]]],
  ["libs",
   [["import dynlibs", "00000000000006bb"],
    ["package external libraries", "00000000000006bb"],
    ["module dynlibs", "00000000000006bb"],
    ["module plugins", "00000000000006bb"]]],
  ["Lean 4.34.1, commit 5045d0056413266e57c625dcd7c365b10e377c52",
   "e9f3658beb070375"],
  ["/home/user/langlands-lab/lean/LanglandsOracles/Generation.lean",
   "105778ada2202b91"],
  ["options", "00000000000006bb"],
  ["isModule: false", "feefd2a0d3a1847e"],
  ["Module.name: LanglandsOracles.Generation", "8f3e390caf644c0f"],
  ["Package.id?: (some LanglandsOracles)", "d2b2d041fe5f1586"],
  ["Module.leanArgs: #[]", "00000000000006bb"]],
 "depHash": "1c1624e0d151cc68"}