{"synthetic": false,
 "schemaVersion": "2025-09-10",
 "outputs":
 {"o": ["147779e1b0071b80.olean"],
  "m": false,
  "i": "19a07c220c6def71.ilean",
  "c": "0bcc342bd0456ad3.c"},
 "log":
 [{"message":
   ".> LEAN_PATH=/home/user/langlands-lab/lean/.lake/build/lib/lean /root/.elan/toolchains/leanprover--lean4---v4.34.1/bin/lean /home/user/langlands-lab/lean/LanglandsOracles/ImageMod3.lean -o /home/user/langlands-lab/lean/.lake/build/lib/lean/LanglandsOracles/ImageMod3.olean -i /home/user/langlands-lab/lean/.lake/build/lib/lean/LanglandsOracles/ImageMod3.ilean -c /home/user/langlands-lab/lean/.lake/build/ir/LanglandsOracles/ImageMod3.c --setup /home/user/langlands-lab/lean/.lake/build/ir/LanglandsOracles/ImageMod3.setup.json --json",
   "level": "trace"}],
 "inputs":
 [["deps",
   [["LanglandsOracles/LanglandsOracles:extraDep",
     [["@LanglandsOracles:extraDep", "00000000000006bb"]]],
    ["imports",
     [["LanglandsOracles.Generation transitive imports (legacy)",
       "88e5f842e7a52210"],
      ["LanglandsOracles.Generation:importAllArts", "4e950b1043eb3b6b"],
      ["LanglandsOracles.Data transitive imports (legacy)", "bf648f0e61fff538"],
      ["LanglandsOracles.Data:importAllArts", "2462a84a622a4702"]]]]],
  ["libs",
   [["import dynlibs", "00000000000006bb"],
    ["package external libraries", "00000000000006bb"],
    ["module dynlibs", "00000000000006bb"],
    ["module plugins", "00000000000006bb"]]],
  ["Lean 4.34.1, commit 5045d0056413266e57c625dcd7c365b10e377c52",
   "e9f3658beb070375"],
  ["/home/user/langlands-lab/lean/LanglandsOracles/ImageMod3.lean",
   "4bf9f5890ccade18"],
  ["options", "00000000000006bb"],
  ["isModule: false", "feefd2a0d3a1847e"],
  ["Module.name: LanglandsOracles.ImageMod3", "4e0846cf3b44ee76"],
  ["Package.id?: (some LanglandsOracles)", "d2b2d041fe5f1586"],
  ["Module.leanArgs: #[]", "00000000000006bb"]],
 "depHash": "a5b43746a6fe9104"}