{"synthetic": false,
 "schemaVersion": "2025-09-10",
 "outputs":
 {"o": ["8a134f0adaa09c42.olean"],
  "m": false,
  "i": "a0ef4f75a37fd4bd.ilean",
  "c": "dc1cfc54b915e9d8.c"},
 "log":
 [{"message":
   ".> LEAN_PATH=/home/user/langlands-lab/lean/.lake/build/lib/lean /root/.elan/toolchains/leanprover--lean4---v4.34.1/bin/lean /home/user/langlands-lab/lean/LanglandsOracles/ImageMod5.lean -o /home/user/langlands-lab/lean/.lake/build/lib/lean/LanglandsOracles/ImageMod5.olean -i /home/user/langlands-lab/lean/.lake/build/lib/lean/LanglandsOracles/ImageMod5.ilean -c /home/user/langlands-lab/lean/.lake/build/ir/LanglandsOracles/ImageMod5.c --setup /home/user/langlands-lab/lean/.lake/build/ir/LanglandsOracles/ImageMod5.setup.json --json",
   "level": "trace"}],
 "inputs":
 [["deps",
   [["LanglandsOracles/LanglandsOracles:extraDep",
     [["@LanglandsOracles:extraDep", "00000000000006bb"]]],
    ["imports",
     [["LanglandsOracles.ImageMod2 transitive imports (legacy)",
       "833284b1cdfa1e2a"],
      ["LanglandsOracles.ImageMod2:importAllArts", "7e468473e380a0ee"],
      ["LanglandsOracles.Data transitive imports (legacy)", "c520e6a0f19c36d4"],
      ["LanglandsOracles.Data:importAllArts", "74fab5e93ffa59da"]]]]],
  ["libs",
   [["import dynlibs", "00000000000006bb"],
    ["package external libraries", "00000000000006bb"],
    ["module dynlibs", "00000000000006bb"],
    ["module plugins", "00000000000006bb"]]],
  ["Lean 4.34.1, commit 5045d0056413266e57c625dcd7c365b10e377c52",
   "e9f3658beb070375"],
  ["/home/user/langlands-lab/lean/LanglandsOracles/ImageMod5.lean",
   "d2fceddf40b1bffb"],
  ["options", "00000000000006bb"],
  ["isModule: false", "feefd2a0d3a1847e"],
  ["Module.name: LanglandsOracles.ImageMod5", "0ef2467df3920535"],
  ["Package.id?: (some LanglandsOracles)", "d2b2d041fe5f1586"],
  ["Module.leanArgs: #[]", "00000000000006bb"]],
 "depHash": "26c104dd14f636f2"}