{"synthetic": false,
 "schemaVersion": "2025-09-10",
 "outputs":
 {"o": ["c368382040faa09e.olean"],
  "m": false,
  "i": "9fa9f26cd5b68e92.ilean",
  "c": "7ba1cf0bf70d1c62.c"},
 "log":
 [{"message":
   ".> LEAN_PATH=/home/user/langlands-lab/lean/.lake/build/lib/lean /root/.elan/toolchains/leanprover--lean4---v4.34.1/bin/lean /home/user/langlands-lab/lean/LanglandsOracles/ImageModL.lean -o /home/user/langlands-lab/lean/.lake/build/lib/lean/LanglandsOracles/ImageModL.olean -i /home/user/langlands-lab/lean/.lake/build/lib/lean/LanglandsOracles/ImageModL.ilean -c /home/user/langlands-lab/lean/.lake/build/ir/LanglandsOracles/ImageModL.c --setup /home/user/langlands-lab/lean/.lake/build/ir/LanglandsOracles/ImageModL.setup.json --json",
   "level": "trace"}],
 "inputs":
 [["deps",
   [["LanglandsOracles/LanglandsOracles:extraDep",
     [["@LanglandsOracles:extraDep", "00000000000006bb"]]],
    ["imports",
     [["LanglandsOracles.ImageMod2 transitive imports (legacy)",
       "ade606ad873ccb0e"],
      ["LanglandsOracles.ImageMod2:importAllArts", "5673ad98f7d1c252"],
      ["LanglandsOracles.Data transitive imports (legacy)", "bf648f0e61fff538"],
      ["LanglandsOracles.Data:importAllArts", "2462a84a622a4702"]]]]],
  ["libs",
   [["import dynlibs", "00000000000006bb"],
    ["package external libraries", "00000000000006bb"],
    ["module dynlibs", "00000000000006bb"],
    ["module plugins", "00000000000006bb"]]],
  ["Lean 4.34.1, commit 5045d0056413266e57c625dcd7c365b10e377c52",
   "e9f3658beb070375"],
  ["/home/user/langlands-lab/lean/LanglandsOracles/ImageModL.lean",
   "6a049ccb1ea5de48"],
  ["options", "00000000000006bb"],
  ["isModule: false", "feefd2a0d3a1847e"],
  ["Module.name: LanglandsOracles.ImageModL", "b58055599c0d10c1"],
  ["Package.id?: (some LanglandsOracles)", "d2b2d041fe5f1586"],
  ["Module.leanArgs: #[]", "00000000000006bb"]],
 "depHash": "5c9e4ffac6bff291"}