{"synthetic": false,
 "schemaVersion": "2025-09-10",
 "outputs":
 {"o": ["46b2d46561766618.olean"],
  "m": false,
  "i": "fabd34abc1c27bb1.ilean",
  "c": "f6e450b81698c5d1.c"},
 "log":
 [{"message":
   ".> LEAN_PATH=/home/user/langlands-lab/lean/.lake/build/lib/lean /root/.elan/toolchains/leanprover--lean4---v4.34.1/bin/lean /home/user/langlands-lab/lean/LanglandsOracles/Isogeny.lean -o /home/user/langlands-lab/lean/.lake/build/lib/lean/LanglandsOracles/Isogeny.olean -i /home/user/langlands-lab/lean/.lake/build/lib/lean/LanglandsOracles/Isogeny.ilean -c /home/user/langlands-lab/lean/.lake/build/ir/LanglandsOracles/Isogeny.c --setup /home/user/langlands-lab/lean/.lake/build/ir/LanglandsOracles/Isogeny.setup.json --json",
   "level": "trace"}],
 "inputs":
 [["deps",
   [["LanglandsOracles/LanglandsOracles:extraDep",
     [["@LanglandsOracles:extraDep", "00000000000006bb"]]],
    ["imports",
     [["LanglandsOracles.TraceFormula transitive imports (legacy)",
       "31a064df337cc7ce"],
      ["LanglandsOracles.TraceFormula:importAllArts", "0debe5cc2b4cab6d"],
      ["LanglandsOracles.Matrix transitive imports (legacy)",
       "00000000000006bb"],
      ["LanglandsOracles.Matrix:importAllArts", "242e3559c7b709e7"],
      ["LanglandsOracles.Data transitive imports (legacy)", "bf648f0e61fff538"],
      ["LanglandsOracles.Data:importAllArts", "2462a84a622a4702"]]]]],
  ["libs",
   [["import dynlibs", "00000000000006bb"],
    ["package external libraries", "00000000000006bb"],
    ["module dynlibs", "00000000000006bb"],
    ["module plugins", "00000000000006bb"]]],
  ["Lean 4.34.1, commit 5045d0056413266e57c625dcd7c365b10e377c52",
   "e9f3658beb070375"],
  ["/home/user/langlands-lab/lean/LanglandsOracles/Isogeny.lean",
   "91ab29bbaa06051c"],
  ["options", "00000000000006bb"],
  ["isModule: false", "feefd2a0d3a1847e"],
  ["Module.name: LanglandsOracles.Isogeny", "7203e0c396c8e896"],
  ["Package.id?: (some LanglandsOracles)", "d2b2d041fe5f1586"],
  ["Module.leanArgs: #[]", "00000000000006bb"]],
 "depHash": "d60e9ec233cd122b"}