{"synthetic": false,
 "schemaVersion": "2025-09-10",
 "outputs":
 {"o": ["cd9269b64864a308.olean"],
  "m": false,
  "i": "432f16ea75147e0a.ilean",
  "c": "ae6b8488ba524d3f.c"},
 "log":
 [{"message":
   ".> LEAN_PATH=/home/user/langlands-lab/lean/.lake/build/lib/lean /root/.elan/toolchains/leanprover--lean4---v4.34.1/bin/lean /home/user/langlands-lab/lean/LanglandsOracles/LevelNCertificates.lean -o /home/user/langlands-lab/lean/.lake/build/lib/lean/LanglandsOracles/LevelNCertificates.olean -i /home/user/langlands-lab/lean/.lake/build/lib/lean/LanglandsOracles/LevelNCertificates.ilean -c /home/user/langlands-lab/lean/.lake/build/ir/LanglandsOracles/LevelNCertificates.c --setup /home/user/langlands-lab/lean/.lake/build/ir/LanglandsOracles/LevelNCertificates.setup.json --json",
   "level": "trace"}],
 "inputs":
 [["deps",
   [["LanglandsOracles/LanglandsOracles:extraDep",
     [["@LanglandsOracles:extraDep", "00000000000006bb"]]],
    ["imports",
     [["LanglandsOracles.TraceFormula transitive imports (legacy)",
       "31a064df337cc7ce"],
      ["LanglandsOracles.TraceFormula:importAllArts", "0debe5cc2b4cab6d"],
      ["LanglandsOracles.Data transitive imports (legacy)", "bf648f0e61fff538"],
      ["LanglandsOracles.Data:importAllArts", "2462a84a622a4702"]]]]],
  ["libs",
   [["import dynlibs", "00000000000006bb"],
    ["package external libraries", "00000000000006bb"],
    ["module dynlibs", "00000000000006bb"],
    ["module plugins", "00000000000006bb"]]],
  ["Lean 4.34.1, commit 5045d0056413266e57c625dcd7c365b10e377c52",
   "e9f3658beb070375"],
  ["/home/user/langlands-lab/lean/LanglandsOracles/LevelNCertificates.lean",
   "acb7a4deb2831703"],
  ["options", "00000000000006bb"],
  ["isModule: false", "feefd2a0d3a1847e"],
  ["Module.name: LanglandsOracles.LevelNCertificates", "debc03c24100c255"],
  ["Package.id?: (some LanglandsOracles)", "d2b2d041fe5f1586"],
  ["Module.leanArgs: #[]", "00000000000006bb"]],
 "depHash": "10ca82bcde2a8b16"}