{"synthetic": false,
 "schemaVersion": "2025-09-10",
 "outputs":
 {"o": ["e1007bf712c8f73b.olean"],
  "m": false,
  "i": "fbd3e7bbd8086cc9.ilean",
  "c": "66db6928d3f25742.c"},
 "log":
 [{"message":
   ".> LEAN_PATH=/home/user/langlands-lab/lean/.lake/build/lib/lean /root/.elan/toolchains/leanprover--lean4---v4.34.1/bin/lean /home/user/langlands-lab/lean/LanglandsOracles/Matrix.lean -o /home/user/langlands-lab/lean/.lake/build/lib/lean/LanglandsOracles/Matrix.olean -i /home/user/langlands-lab/lean/.lake/build/lib/lean/LanglandsOracles/Matrix.ilean -c /home/user/langlands-lab/lean/.lake/build/ir/LanglandsOracles/Matrix.c --setup /home/user/langlands-lab/lean/.lake/build/ir/LanglandsOracles/Matrix.setup.json --json",
   "level": "trace"}],
 "inputs":
 [["deps",
   [["LanglandsOracles/LanglandsOracles:extraDep",
     [["@LanglandsOracles:extraDep", "00000000000006bb"]]],
    ["imports", "00000000000006bb"]]],
  ["libs",
   [["import dynlibs", "00000000000006bb"],
    ["package external libraries", "00000000000006bb"],
    ["module dynlibs", "00000000000006bb"],
    ["module plugins", "00000000000006bb"]]],
  ["Lean 4.34.1, commit 5045d0056413266e57c625dcd7c365b10e377c52",
   "e9f3658beb070375"],
  ["/home/user/langlands-lab/lean/LanglandsOracles/Matrix.lean",
   "5dd19c4f76b71523"],
  ["options", "00000000000006bb"],
  ["isModule: false", "feefd2a0d3a1847e"],
  ["Module.name: LanglandsOracles.Matrix", "5a564a0d1126f024"],
  ["Package.id?: (some LanglandsOracles)", "d2b2d041fe5f1586"],
  ["Module.leanArgs: #[]", "00000000000006bb"]],
 "depHash": "1a5d04eeb01f97b3"}