{"synthetic": false,
 "schemaVersion": "2025-09-10",
 "outputs":
 {"o": ["c9f5daf69ba66dd4.olean"],
  "m": false,
  "i": "691533eb05331f0e.ilean",
  "c": "c67409f94a7faea0.c"},
 "log":
 [{"message":
   ".> LEAN_PATH=/home/user/langlands-lab/lean/.lake/build/lib/lean /root/.elan/toolchains/leanprover--lean4---v4.34.1/bin/lean /home/user/langlands-lab/lean/LanglandsOracles/ModL11.lean -o /home/user/langlands-lab/lean/.lake/build/lib/lean/LanglandsOracles/ModL11.olean -i /home/user/langlands-lab/lean/.lake/build/lib/lean/LanglandsOracles/ModL11.ilean -c /home/user/langlands-lab/lean/.lake/build/ir/LanglandsOracles/ModL11.c --setup /home/user/langlands-lab/lean/.lake/build/ir/LanglandsOracles/ModL11.setup.json --json",
   "level": "trace"}],
 "inputs":
 [["deps",
   [["LanglandsOracles/LanglandsOracles:extraDep",
     [["@LanglandsOracles:extraDep", "00000000000006bb"]]],
    ["imports",
     [["LanglandsOracles.ImageModL transitive imports (legacy)",
       "7cdb271a24120902"],
      ["LanglandsOracles.ImageModL:importAllArts", "0fb612dec3553cda"]]]]],
  ["libs",
   [["import dynlibs", "00000000000006bb"],
    ["package external libraries", "00000000000006bb"],
    ["module dynlibs", "00000000000006bb"],
    ["module plugins", "00000000000006bb"]]],
  ["Lean 4.34.1, commit 5045d0056413266e57c625dcd7c365b10e377c52",
   "e9f3658beb070375"],
  ["/home/user/langlands-lab/lean/LanglandsOracles/ModL11.lean",
   "2f66f13d931ab4b0"],
  ["options", "00000000000006bb"],
  ["isModule: false", "feefd2a0d3a1847e"],
  ["Module.name: LanglandsOracles.ModL11", "34d8056a04a4f734"],
  ["Package.id?: (some LanglandsOracles)", "d2b2d041fe5f1586"],
  ["Module.leanArgs: #[]", "00000000000006bb"]],
 "depHash": "2179c7a294727550"}