{"synthetic": false,
 "schemaVersion": "2025-09-10",
 "outputs":
 {"o": ["9026861e3ca4d000.olean"],
  "m": false,
  "i": "dc41c979794d2a0a.ilean",
  "c": "d1602dbaddb5c0c4.c"},
 "log":
 [{"message":
   ".> LEAN_PATH=/home/user/langlands-lab/lean/.lake/build/lib/lean /root/.elan/toolchains/leanprover--lean4---v4.34.1/bin/lean /home/user/langlands-lab/lean/LanglandsOracles/ModL23.lean -o /home/user/langlands-lab/lean/.lake/build/lib/lean/LanglandsOracles/ModL23.olean -i /home/user/langlands-lab/lean/.lake/build/lib/lean/LanglandsOracles/ModL23.ilean -c /home/user/langlands-lab/lean/.lake/build/ir/LanglandsOracles/ModL23.c --setup /home/user/langlands-lab/lean/.lake/build/ir/LanglandsOracles/ModL23.setup.json --json",
   "level": "trace"}],
 "inputs":
 [["deps",
   [["LanglandsOracles/LanglandsOracles:extraDep",
     [["@LanglandsOracles:extraDep", "00000000000006bb"]]],
    ["imports",
     [["LanglandsOracles.ImageModL transitive imports (legacy)",
       "7cdb271a24120902"],
      ["LanglandsOracles.ImageModL:importAllArts", "0fb612dec3553cda"]]]]],
  ["libs",
   [["import dynlibs", "00000000000006bb"],
    ["package external libraries", "00000000000006bb"],
    ["module dynlibs", "00000000000006bb"],
    ["module plugins", "00000000000006bb"]]],
  ["Lean 4.34.1, commit 5045d0056413266e57c625dcd7c365b10e377c52",
   "e9f3658beb070375"],
  ["/home/user/langlands-lab/lean/LanglandsOracles/ModL23.lean",
   "7d37c596f9f954d4"],
  ["options", "00000000000006bb"],
  ["isModule: false", "feefd2a0d3a1847e"],
  ["Module.name: LanglandsOracles.ModL23", "99a0304d0053e159"],
  ["Package.id?: (some LanglandsOracles)", "d2b2d041fe5f1586"],
  ["Module.leanArgs: #[]", "00000000000006bb"]],
 "depHash": "a0ebd9c54a933edc"}