{"synthetic": false,
 "schemaVersion": "2025-09-10",
 "outputs":
 {"o": ["cd1dd131761e7bd2.olean"],
  "m": false,
  "i": "9f2a208813cf4e92.ilean",
  "c": "f380b7455d74f980.c"},
 "log":
 [{"message":
   ".> LEAN_PATH=/home/user/langlands-lab/lean/.lake/build/lib/lean /root/.elan/toolchains/leanprover--lean4---v4.34.1/bin/lean /home/user/langlands-lab/lean/LanglandsOracles/ModLImages.lean -o /home/user/langlands-lab/lean/.lake/build/lib/lean/LanglandsOracles/ModLImages.olean -i /home/user/langlands-lab/lean/.lake/build/lib/lean/LanglandsOracles/ModLImages.ilean -c /home/user/langlands-lab/lean/.lake/build/ir/LanglandsOracles/ModLImages.c --setup /home/user/langlands-lab/lean/.lake/build/ir/LanglandsOracles/ModLImages.setup.json --json",
   "level": "trace"}],
 "inputs":
 [["deps",
   [["LanglandsOracles/LanglandsOracles:extraDep",
     [["@LanglandsOracles:extraDep", "00000000000006bb"]]],
    ["imports",
     [["LanglandsOracles.ModL5 transitive imports (legacy)",
       "b2bfadcbcb525e2d"],
      ["LanglandsOracles.ModL5:importAllArts", "e12a84e1ca4ae0ea"],
      ["LanglandsOracles.ModL7 transitive imports (legacy)",
       "b2bfadcbcb525e2d"],
      ["LanglandsOracles.ModL7:importAllArts", "d57a4300f0a96c6b"],
      ["LanglandsOracles.ModL11 transitive imports (legacy)",
       "b2bfadcbcb525e2d"],
      ["LanglandsOracles.ModL11:importAllArts", "4180463d56d69b06"],
      ["LanglandsOracles.ModL13 transitive imports (legacy)",
       "b2bfadcbcb525e2d"],
      ["LanglandsOracles.ModL13:importAllArts", "902d72b4aaf75ef3"],
      ["LanglandsOracles.ModL17 transitive imports (legacy)",
       "b2bfadcbcb525e2d"],
      ["LanglandsOracles.ModL17:importAllArts", "d290e2840b2f58c7"],
      ["LanglandsOracles.ModL19 transitive imports (legacy)",
       "b2bfadcbcb525e2d"],
      ["LanglandsOracles.ModL19:importAllArts", "ae3f2946be0bcafa"],
      ["LanglandsOracles.ModL23 transitive imports (legacy)",
       "b2bfadcbcb525e2d"],
      ["LanglandsOracles.ModL23:importAllArts", "82206e604d1ae8f0"]]]]],
  ["libs",
   [["import dynlibs", "00000000000006bb"],
    ["package external libraries", "00000000000006bb"],
    ["module dynlibs", "00000000000006bb"],
    ["module plugins", "00000000000006bb"]]],
  ["Lean 4.34.1, commit 5045d0056413266e57c625dcd7c365b10e377c52",
   "e9f3658beb070375"],
  ["/home/user/langlands-lab/lean/LanglandsOracles/ModLImages.lean",
   "ebb17e9aa64b3db1"],
  ["options", "00000000000006bb"],
  ["isModule: false", "feefd2a0d3a1847e"],
  ["Module.name: LanglandsOracles.ModLImages", "2a8f3de37b79a56e"],
  ["Package.id?: (some LanglandsOracles)", "d2b2d041fe5f1586"],
  ["Module.leanArgs: #[]", "00000000000006bb"]],
 "depHash": "89a6a35ec45bb13a"}