{"synthetic": false,
 "schemaVersion": "2025-09-10",
 "outputs":
 {"o": ["3688d5e492bd4482.olean"],
  "m": false,
  "i": "0872cc7d939b0136.ilean",
  "c": "d2b91179d88bc766.c"},
 "log":
 [{"message":
   ".> LEAN_PATH=/home/user/langlands-lab/lean/.lake/build/lib/lean /root/.elan/toolchains/leanprover--lean4---v4.34.1/bin/lean /home/user/langlands-lab/lean/LanglandsOracles/ModL7.lean -o /home/user/langlands-lab/lean/.lake/build/lib/lean/LanglandsOracles/ModL7.olean -i /home/user/langlands-lab/lean/.lake/build/lib/lean/LanglandsOracles/ModL7.ilean -c /home/user/langlands-lab/lean/.lake/build/ir/LanglandsOracles/ModL7.c --setup /home/user/langlands-lab/lean/.lake/build/ir/LanglandsOracles/ModL7.setup.json --json",
   "level": "trace"}],
 "inputs":
 [["deps",
   [["LanglandsOracles/LanglandsOracles:extraDep",
     [["@LanglandsOracles:extraDep", "00000000000006bb"]]],
    ["imports",
     [["LanglandsOracles.ImageModL transitive imports (legacy)",
       "7cdb271a24120902"],
      ["LanglandsOracles.ImageModL:importAllArts", "0fb612dec3553cda"]]]]],
  ["libs",
   [["import dynlibs", "00000000000006bb"],
    ["package external libraries", "00000000000006bb"],
    ["module dynlibs", "00000000000006bb"],
    ["module plugins", "00000000000006bb"]]],
  ["Lean 4.34.1, commit 5045d0056413266e57c625dcd7c365b10e377c52",
   "e9f3658beb070375"],
  ["/home/user/langlands-lab/lean/LanglandsOracles/ModL7.lean",
   "01a196a10c59abd3"],
  ["options", "00000000000006bb"],
  ["isModule: false", "feefd2a0d3a1847e"],
  ["Module.name: LanglandsOracles.ModL7", "81fb4b8a43b59d78"],
  ["Package.id?: (some LanglandsOracles)", "d2b2d041fe5f1586"],
  ["Module.leanArgs: #[]", "00000000000006bb"]],
 "depHash": "01751394e88767b0"}