{"synthetic": false,
 "schemaVersion": "2025-09-10",
 "outputs":
 {"o": ["91491ad629e43917.olean"],
  "m": false,
  "i": "4d520a6b3a85e3af.ilean",
  "c": "98dd9cb6dbf7e088.c"},
 "log":
 [{"message":
   ".> LEAN_PATH=/home/user/langlands-lab/lean/.lake/build/lib/lean /root/.elan/toolchains/leanprover--lean4---v4.34.1/bin/lean /home/user/langlands-lab/lean/LanglandsOracles/PseudocharSearch.lean -o /home/user/langlands-lab/lean/.lake/build/lib/lean/LanglandsOracles/PseudocharSearch.olean -i /home/user/langlands-lab/lean/.lake/build/lib/lean/LanglandsOracles/PseudocharSearch.ilean -c /home/user/langlands-lab/lean/.lake/build/ir/LanglandsOracles/PseudocharSearch.c --setup /home/user/langlands-lab/lean/.lake/build/ir/LanglandsOracles/PseudocharSearch.setup.json --json",
   "level": "trace"}],
 "inputs":
 [["deps",
   [["LanglandsOracles/LanglandsOracles:extraDep",
     [["@LanglandsOracles:extraDep", "00000000000006bb"]]],
    ["imports",
     [["LanglandsOracles.ImageMod3 transitive imports (legacy)",
       "ade606ad873ccb0e"],
      ["LanglandsOracles.ImageMod3:importAllArts", "784b688a864eafbb"],
      ["LanglandsOracles.ExcursionInstance transitive imports (legacy)",
       "13f90ad076a497c0"],
      ["LanglandsOracles.ExcursionInstance:importAllArts",
       "540e9f6dbf6e26ff"]]]]],
  ["libs",
   [["import dynlibs", "00000000000006bb"],
    ["package external libraries", "00000000000006bb"],
    ["module dynlibs", "00000000000006bb"],
    ["module plugins", "00000000000006bb"]]],
  ["Lean 4.34.1, commit 5045d0056413266e57c625dcd7c365b10e377c52",
   "e9f3658beb070375"],
  ["/home/user/langlands-lab/lean/LanglandsOracles/PseudocharSearch.lean",
   "74c7be0f3194f35a"],
  ["options", "00000000000006bb"],
  ["isModule: false", "feefd2a0d3a1847e"],
  ["Module.name: LanglandsOracles.PseudocharSearch", "b7473c9bfb1a4c3e"],
  ["Package.id?: (some LanglandsOracles)", "d2b2d041fe5f1586"],
  ["Module.leanArgs: #[]", "00000000000006bb"]],
 "depHash": "987025de4e4c21fa"}