{"synthetic": false,
 "schemaVersion": "2025-09-10",
 "outputs":
 {"o": ["03a3e71bae8c8740.olean"],
  "m": false,
  "i": "24e79e2acf7e4b17.ilean",
  "c": "bedd0f4908283713.c"},
 "log":
 [{"message":
   ".> LEAN_PATH=/home/user/langlands-lab/lean/.lake/build/lib/lean /root/.elan/toolchains/leanprover--lean4---v4.34.1/bin/lean /home/user/langlands-lab/lean/LanglandsOracles/Pseudocharacter.lean -o /home/user/langlands-lab/lean/.lake/build/lib/lean/LanglandsOracles/Pseudocharacter.olean -i /home/user/langlands-lab/lean/.lake/build/lib/lean/LanglandsOracles/Pseudocharacter.ilean -c /home/user/langlands-lab/lean/.lake/build/ir/LanglandsOracles/Pseudocharacter.c --setup /home/user/langlands-lab/lean/.lake/build/ir/LanglandsOracles/Pseudocharacter.setup.json --json",
   "level": "trace"}],
 "inputs":
 [["deps",
   [["LanglandsOracles/LanglandsOracles:extraDep",
     [["@LanglandsOracles:extraDep", "00000000000006bb"]]],
    ["imports",
     [["LanglandsOracles.CommSemiring transitive imports (legacy)",
       "00000000000006bb"],
      ["LanglandsOracles.CommSemiring:importAllArts", "a08ff6116ca4bad3"]]]]],
  ["libs",
   [["import dynlibs", "00000000000006bb"],
    ["package external libraries", "00000000000006bb"],
    ["module dynlibs", "00000000000006bb"],
    ["module plugins", "00000000000006bb"]]],
  ["Lean 4.34.1, commit 5045d0056413266e57c625dcd7c365b10e377c52",
   "e9f3658beb070375"],
  ["/home/user/langlands-lab/lean/LanglandsOracles/Pseudocharacter.lean",
   "b7f788ca957f0df5"],
  ["options", "00000000000006bb"],
  ["isModule: false", "feefd2a0d3a1847e"],
  ["Module.name: LanglandsOracles.Pseudocharacter", "10e35a9aaf25c0c8"],
  ["Package.id?: (some LanglandsOracles)", "d2b2d041fe5f1586"],
  ["Module.leanArgs: #[]", "00000000000006bb"]],
 "depHash": "5064e965f6439b2c"}