{"synthetic": false,
 "schemaVersion": "2025-09-10",
 "outputs":
 {"o": ["eea2ffa65a2fc871.olean"],
  "m": false,
  "i": "7304452e80773ab4.ilean",
  "c": "c1e5d13200fe4d1e.c"},
 "log":
 [{"message":
   ".> LEAN_PATH=/home/user/langlands-lab/lean/.lake/build/lib/lean /root/.elan/toolchains/leanprover--lean4---v4.34.1/bin/lean /home/user/langlands-lab/lean/LanglandsOracles/QForms.lean -o /home/user/langlands-lab/lean/.lake/build/lib/lean/LanglandsOracles/QForms.olean -i /home/user/langlands-lab/lean/.lake/build/lib/lean/LanglandsOracles/QForms.ilean -c /home/user/langlands-lab/lean/.lake/build/ir/LanglandsOracles/QForms.c --setup /home/user/langlands-lab/lean/.lake/build/ir/LanglandsOracles/QForms.setup.json --json",
   "level": "trace"}],
 "inputs":
 [["deps",
   [["LanglandsOracles/LanglandsOracles:extraDep",
     [["@LanglandsOracles:extraDep", "00000000000006bb"]]],
    ["imports", "00000000000006bb"]]],
  ["libs",
   [["import dynlibs", "00000000000006bb"],
    ["package external libraries", "00000000000006bb"],
    ["module dynlibs", "00000000000006bb"],
    ["module plugins", "00000000000006bb"]]],
  ["Lean 4.34.1, commit 5045d0056413266e57c625dcd7c365b10e377c52",
   "e9f3658beb070375"],
  ["/home/user/langlands-lab/lean/LanglandsOracles/QForms.lean",
   "489ea9d3b297cd83"],
  ["options", "00000000000006bb"],
  ["isModule: false", "feefd2a0d3a1847e"],
  ["Module.name: LanglandsOracles.QForms", "3f95c98230d2c3b4"],
  ["Package.id?: (some LanglandsOracles)", "d2b2d041fe5f1586"],
  ["Module.leanArgs: #[]", "00000000000006bb"]],
 "depHash": "dec4b9da5476c3e0"}