{"synthetic": false,
 "schemaVersion": "2025-09-10",
 "outputs":
 {"o": ["e2138cc95113e62f.olean"],
  "m": false,
  "i": "24bb9b9391a6a36e.ilean",
  "c": "ce4b9544b892443b.c"},
 "log":
 [{"message":
   ".> LEAN_PATH=/home/user/langlands-lab/lean/.lake/build/lib/lean /root/.elan/toolchains/leanprover--lean4---v4.34.1/bin/lean /home/user/langlands-lab/lean/LanglandsOracles.lean -o /home/user/langlands-lab/lean/.lake/build/lib/lean/LanglandsOracles.olean -i /home/user/langlands-lab/lean/.lake/build/lib/lean/LanglandsOracles.ilean -c /home/user/langlands-lab/lean/.lake/build/ir/LanglandsOracles.c --setup /home/user/langlands-lab/lean/.lake/build/ir/LanglandsOracles.setup.json --json",
   "level": "trace"}],
 "inputs":
 [["deps",
   [["LanglandsOracles/LanglandsOracles:extraDep",
     [["@LanglandsOracles:extraDep", "00000000000006bb"]]],
    ["imports",
     [["LanglandsOracles.QForms transitive imports (legacy)",
       "00000000000006bb"],
      ["LanglandsOracles.QForms:importAllArts", "4f73cab2ef6fa808"],
      ["LanglandsOracles.TraceFormula transitive imports (legacy)",
       "31a064df337cc7ce"],
      ["LanglandsOracles.TraceFormula:importAllArts", "0debe5cc2b4cab6d"],
      ["LanglandsOracles.Matrix transitive imports (legacy)",
       "00000000000006bb"],
      ["LanglandsOracles.Matrix:importAllArts", "242e3559c7b709e7"],
      ["LanglandsOracles.Carlitz transitive imports (legacy)",
       "00000000000006bb"],
      ["LanglandsOracles.Carlitz:importAllArts", "bcd649978229f26b"],
      ["LanglandsOracles.Certificates transitive imports (legacy)",
       "a721d3f416b3ba03"],
      ["LanglandsOracles.Certificates:importAllArts", "e46e50cb8f769991"],
      ["LanglandsOracles.Data transitive imports (legacy)", "bf648f0e61fff538"],
      ["LanglandsOracles.Data:importAllArts", "2462a84a622a4702"],
      ["LanglandsOracles.BrandtCertificates transitive imports (legacy)",
       "b083f8aeda99f1b4"],
      ["LanglandsOracles.BrandtCertificates:importAllArts", "33cb0c026aa12d25"],
      ["LanglandsOracles.LSeriesCertificates transitive imports (legacy)",
       "5deae42d484f224f"],
      ["LanglandsOracles.LSeriesCertificates:importAllArts",
       "686af17edb068b13"],
      ["LanglandsOracles.FunctionFieldCertificates transitive imports (legacy)",
       "5deae42d484f224f"],
      ["LanglandsOracles.FunctionFieldCertificates:importAllArts",
       "0adde458cadd122f"],
      ["LanglandsOracles.Excursion transitive imports (legacy)",
       "00000000000006bb"],
      ["LanglandsOracles.Excursion:importAllArts", "0cf806aae4c29ed0"],
      ["LanglandsOracles.CommSemiring transitive imports (legacy)",
       "00000000000006bb"],
      ["LanglandsOracles.CommSemiring:importAllArts", "a08ff6116ca4bad3"],
      ["LanglandsOracles.Pseudocharacter transitive imports (legacy)",
       "6e251a4182d771e2"],
      ["LanglandsOracles.Pseudocharacter:importAllArts", "3a3d295aecb8c045"],
      ["LanglandsOracles.ExcursionInstance transitive imports (legacy)",
       "13f90ad076a497c0"],
      ["LanglandsOracles.ExcursionInstance:importAllArts", "540e9f6dbf6e26ff"],
      ["LanglandsOracles.LevelNCertificates transitive imports (legacy)",
       "4fb824eab4ba7553"],
      ["LanglandsOracles.LevelNCertificates:importAllArts", "74bfb93d0a0fa258"],
      ["LanglandsOracles.Isogeny transitive imports (legacy)",
       "b083f8aeda99f1b4"],
      ["LanglandsOracles.Isogeny:importAllArts", "cd49f93502cfe421"],
      ["LanglandsOracles.ExcursionGL1 transitive imports (legacy)",
       "7ce2ce7f829d017b"],
      ["LanglandsOracles.ExcursionGL1:importAllArts", "68ec665dbc2b7df3"],
      ["LanglandsOracles.ExcursionGL2 transitive imports (legacy)",
       "7ce2ce7f829d017b"],
      ["LanglandsOracles.ExcursionGL2:importAllArts", "21e1bc85497bc296"],
      ["LanglandsOracles.ExcursionGL2Ring transitive imports (legacy)",
       "a405626cb0a8d2e5"],
      ["LanglandsOracles.ExcursionGL2Ring:importAllArts", "5be4043d159b0186"],
      ["LanglandsOracles.ImageMod3 transitive imports (legacy)",
       "ade606ad873ccb0e"],
      ["LanglandsOracles.ImageMod3:importAllArts", "784b688a864eafbb"],
      ["LanglandsOracles.Generation transitive imports (legacy)",
       "88e5f842e7a52210"],
      ["LanglandsOracles.Generation:importAllArts", "4e950b1043eb3b6b"],
      ["LanglandsOracles.ImageMod2 transitive imports (legacy)",
       "ade606ad873ccb0e"],
      ["LanglandsOracles.ImageMod2:importAllArts", "5673ad98f7d1c252"],
      ["LanglandsOracles.PseudocharSearch transitive imports (legacy)",
       "be98c2fa150921be"],
      ["LanglandsOracles.PseudocharSearch:importAllArts", "54356e2c99452944"],
      ["LanglandsOracles.CertTypes transitive imports (legacy)",
       "00000000000006bb"],
      ["LanglandsOracles.CertTypes:importAllArts", "a04d5f8e8d612faf"],
      ["LanglandsOracles.ImageModL transitive imports (legacy)",
       "7cdb271a24120902"],
      ["LanglandsOracles.ImageModL:importAllArts", "0fb612dec3553cda"],
      ["LanglandsOracles.ModLImages transitive imports (legacy)",
       "10383247d6a7bc9a"],
      ["LanglandsOracles.ModLImages:importAllArts", "b12cee821a21ed68"]]]]],
  ["libs",
   [["import dynlibs", "00000000000006bb"],
    ["package external libraries", "00000000000006bb"],
    ["module dynlibs", "00000000000006bb"],
    ["module plugins", "00000000000006bb"]]],
  ["Lean 4.34.1, commit 5045d0056413266e57c625dcd7c365b10e377c52",
   "e9f3658beb070375"],
  ["/home/user/langlands-lab/lean/LanglandsOracles.lean", "6e49c47d38bb7782"],
  ["options", "00000000000006bb"],
  ["isModule: false", "feefd2a0d3a1847e"],
  ["Module.name: LanglandsOracles", "18dae09c8c6bba74"],
  ["Package.id?: (some LanglandsOracles)", "d2b2d041fe5f1586"],
  ["Module.leanArgs: #[]", "00000000000006bb"]],
 "depHash": "347ced0c6593d7d7"}